[    1722ms] [INFO] %cDownload the React DevTools for a better development experience: https://react.dev/link/react-devtools font-weight:bold @ http://localhost:3000/static/js/bundle.js:45133
[    2192ms] [LOG] [ViewMode] Switching: null → freelook @ http://localhost:3000/static/js/bundle.js:21662
[    2194ms] [LOG] [ViewMode] Switching: null → freelook @ http://localhost:3000/static/js/bundle.js:21662
[    2496ms] [WARNING] Google Maps JavaScript API has been loaded directly without loading=async. This can result in suboptimal performance. For best-practice loading patterns please see https://goo.gle/js-api-loading @ https://maps.googleapis.com/maps/api/js?key=AIzaSyBNfAGRfS1TNlH0EmxNfegqTsiwzYk6reM&v=weekly&callback=initGoogleMaps&libraries=marker:1036
[ 1475728ms] [WARNING] google.maps.DirectionsService is deprecated as of February 25th, 2026. Please use google.maps.routes.Route.computeRoutes instead. At this time, google.maps.DirectionsService is not scheduled to be discontinued, but google.maps.routes.Route.computeRoutes is recommended over google.maps.DirectionsService.route. While google.maps.DirectionsService will continue to receive bug fixes for any major regressions, existing bugs in google.maps.DirectionsService will not be addressed. At least 12 months notice will be given before support is discontinued. Please see https://developers.google.com/maps/legacy for additional details and https://developers.google.com/maps/documentation/javascript/routes/routes-js-migration for the migration guide. @ https://maps.googleapis.com/maps/api/js?key=AIzaSyBNfAGRfS1TNlH0EmxNfegqTsiwzYk6reM&v=weekly&callback=initGoogleMaps&libraries=marker:1127
[ 1476160ms] [LOG] [StreetView] Panorama changed event fired @ http://localhost:3000/static/js/bundle.js:20691
[ 1477361ms] [LOG] [StreetView] Transition pause complete, ready for next advance @ http://localhost:3000/static/js/bundle.js:20706
[ 1561906ms] [WARNING] google.maps.DirectionsService is deprecated as of February 25th, 2026. Please use google.maps.routes.Route.computeRoutes instead. At this time, google.maps.DirectionsService is not scheduled to be discontinued, but google.maps.routes.Route.computeRoutes is recommended over google.maps.DirectionsService.route. While google.maps.DirectionsService will continue to receive bug fixes for any major regressions, existing bugs in google.maps.DirectionsService will not be addressed. At least 12 months notice will be given before support is discontinued. Please see https://developers.google.com/maps/legacy for additional details and https://developers.google.com/maps/documentation/javascript/routes/routes-js-migration for the migration guide. @ https://maps.googleapis.com/maps/api/js?key=AIzaSyBNfAGRfS1TNlH0EmxNfegqTsiwzYk6reM&v=weekly&callback=initGoogleMaps&libraries=marker:1127
[ 1561907ms] [LOG] [ViewMode] Switching: null → freelook @ http://localhost:3000/main.7b964afad59d13e9e5a8.hot-update.js:113
[ 1561996ms] [LOG] [StreetView] Canvas ready: 780×493 @ http://localhost:3000/main.3d2e7068c6cab05b2281.hot-update.js:97
[ 1562106ms] [LOG] [App] Canvas is ready @ http://localhost:3000/static/js/bundle.js:227
[ 1562153ms] [LOG] [StreetView] Panorama changed event fired @ http://localhost:3000/static/js/bundle.js:20691
[ 1563354ms] [LOG] [StreetView] Transition pause complete, ready for next advance @ http://localhost:3000/static/js/bundle.js:20706
[ 1614743ms] [WARNING] google.maps.DirectionsService is deprecated as of February 25th, 2026. Please use google.maps.routes.Route.computeRoutes instead. At this time, google.maps.DirectionsService is not scheduled to be discontinued, but google.maps.routes.Route.computeRoutes is recommended over google.maps.DirectionsService.route. While google.maps.DirectionsService will continue to receive bug fixes for any major regressions, existing bugs in google.maps.DirectionsService will not be addressed. At least 12 months notice will be given before support is discontinued. Please see https://developers.google.com/maps/legacy for additional details and https://developers.google.com/maps/documentation/javascript/routes/routes-js-migration for the migration guide. @ https://maps.googleapis.com/maps/api/js?key=AIzaSyBNfAGRfS1TNlH0EmxNfegqTsiwzYk6reM&v=weekly&callback=initGoogleMaps&libraries=marker:1127
[ 1614745ms] [LOG] [App] Canvas is ready @ http://localhost:3000/static/js/bundle.js:227
[ 1614746ms] [LOG] [App] Canvas is ready @ http://localhost:3000/static/js/bundle.js:227
[ 1614873ms] [LOG] [StreetView] Panorama changed event fired @ http://localhost:3000/static/js/bundle.js:20691
[ 1616074ms] [LOG] [StreetView] Transition pause complete, ready for next advance @ http://localhost:3000/static/js/bundle.js:20706
[ 1625030ms] [WARNING] google.maps.DirectionsService is deprecated as of February 25th, 2026. Please use google.maps.routes.Route.computeRoutes instead. At this time, google.maps.DirectionsService is not scheduled to be discontinued, but google.maps.routes.Route.computeRoutes is recommended over google.maps.DirectionsService.route. While google.maps.DirectionsService will continue to receive bug fixes for any major regressions, existing bugs in google.maps.DirectionsService will not be addressed. At least 12 months notice will be given before support is discontinued. Please see https://developers.google.com/maps/legacy for additional details and https://developers.google.com/maps/documentation/javascript/routes/routes-js-migration for the migration guide. @ https://maps.googleapis.com/maps/api/js?key=AIzaSyBNfAGRfS1TNlH0EmxNfegqTsiwzYk6reM&v=weekly&callback=initGoogleMaps&libraries=marker:1127
[ 1625033ms] [LOG] [App] Canvas is ready @ http://localhost:3000/static/js/bundle.js:227
[ 1625034ms] [LOG] [App] Canvas is ready @ http://localhost:3000/static/js/bundle.js:227
[ 1625153ms] [LOG] [StreetView] Panorama changed event fired @ http://localhost:3000/static/js/bundle.js:20691
[ 1626354ms] [LOG] [StreetView] Transition pause complete, ready for next advance @ http://localhost:3000/static/js/bundle.js:20706
[ 1638653ms] [WARNING] google.maps.DirectionsService is deprecated as of February 25th, 2026. Please use google.maps.routes.Route.computeRoutes instead. At this time, google.maps.DirectionsService is not scheduled to be discontinued, but google.maps.routes.Route.computeRoutes is recommended over google.maps.DirectionsService.route. While google.maps.DirectionsService will continue to receive bug fixes for any major regressions, existing bugs in google.maps.DirectionsService will not be addressed. At least 12 months notice will be given before support is discontinued. Please see https://developers.google.com/maps/legacy for additional details and https://developers.google.com/maps/documentation/javascript/routes/routes-js-migration for the migration guide. @ https://maps.googleapis.com/maps/api/js?key=AIzaSyBNfAGRfS1TNlH0EmxNfegqTsiwzYk6reM&v=weekly&callback=initGoogleMaps&libraries=marker:1127
[ 1638654ms] [LOG] [App] Canvas is ready @ http://localhost:3000/static/js/bundle.js:227
[ 1638655ms] [LOG] [App] Canvas is ready @ http://localhost:3000/static/js/bundle.js:227
[ 1638780ms] [LOG] [StreetView] Panorama changed event fired @ http://localhost:3000/static/js/bundle.js:20691
[ 1639981ms] [LOG] [StreetView] Transition pause complete, ready for next advance @ http://localhost:3000/static/js/bundle.js:20706
[ 1660297ms] [WARNING] google.maps.DirectionsService is deprecated as of February 25th, 2026. Please use google.maps.routes.Route.computeRoutes instead. At this time, google.maps.DirectionsService is not scheduled to be discontinued, but google.maps.routes.Route.computeRoutes is recommended over google.maps.DirectionsService.route. While google.maps.DirectionsService will continue to receive bug fixes for any major regressions, existing bugs in google.maps.DirectionsService will not be addressed. At least 12 months notice will be given before support is discontinued. Please see https://developers.google.com/maps/legacy for additional details and https://developers.google.com/maps/documentation/javascript/routes/routes-js-migration for the migration guide. @ https://maps.googleapis.com/maps/api/js?key=AIzaSyBNfAGRfS1TNlH0EmxNfegqTsiwzYk6reM&v=weekly&callback=initGoogleMaps&libraries=marker:1127
[ 1660298ms] [LOG] [App] Canvas is ready @ http://localhost:3000/static/js/bundle.js:227
[ 1660298ms] [LOG] [App] Canvas is ready @ http://localhost:3000/static/js/bundle.js:227
[ 1660408ms] [LOG] [StreetView] Panorama changed event fired @ http://localhost:3000/static/js/bundle.js:20691
[ 1661620ms] [LOG] [StreetView] Transition pause complete, ready for next advance @ http://localhost:3000/static/js/bundle.js:20706
[ 1766211ms] [WARNING] google.maps.DirectionsService is deprecated as of February 25th, 2026. Please use google.maps.routes.Route.computeRoutes instead. At this time, google.maps.DirectionsService is not scheduled to be discontinued, but google.maps.routes.Route.computeRoutes is recommended over google.maps.DirectionsService.route. While google.maps.DirectionsService will continue to receive bug fixes for any major regressions, existing bugs in google.maps.DirectionsService will not be addressed. At least 12 months notice will be given before support is discontinued. Please see https://developers.google.com/maps/legacy for additional details and https://developers.google.com/maps/documentation/javascript/routes/routes-js-migration for the migration guide. @ https://maps.googleapis.com/maps/api/js?key=AIzaSyBNfAGRfS1TNlH0EmxNfegqTsiwzYk6reM&v=weekly&callback=initGoogleMaps&libraries=marker:1127
[ 1766217ms] [LOG] [App] Canvas is ready @ http://localhost:3000/main.430afcf181d27b79b557.hot-update.js:224
[ 1766290ms] [LOG] [StreetView] Canvas ready: 780×493 @ http://localhost:3000/main.3d2e7068c6cab05b2281.hot-update.js:97
[ 1766385ms] [LOG] [StreetView] Panorama changed event fired @ http://localhost:3000/static/js/bundle.js:20691
[ 1767586ms] [LOG] [StreetView] Transition pause complete, ready for next advance @ http://localhost:3000/static/js/bundle.js:20706
[ 1834728ms] [WARNING] google.maps.DirectionsService is deprecated as of February 25th, 2026. Please use google.maps.routes.Route.computeRoutes instead. At this time, google.maps.DirectionsService is not scheduled to be discontinued, but google.maps.routes.Route.computeRoutes is recommended over google.maps.DirectionsService.route. While google.maps.DirectionsService will continue to receive bug fixes for any major regressions, existing bugs in google.maps.DirectionsService will not be addressed. At least 12 months notice will be given before support is discontinued. Please see https://developers.google.com/maps/legacy for additional details and https://developers.google.com/maps/documentation/javascript/routes/routes-js-migration for the migration guide. @ https://maps.googleapis.com/maps/api/js?key=AIzaSyBNfAGRfS1TNlH0EmxNfegqTsiwzYk6reM&v=weekly&callback=initGoogleMaps&libraries=marker:1127
[ 1834731ms] [LOG] [App] Canvas is ready @ http://localhost:3000/main.bd9cc6aeb272a359083d.hot-update.js:224
[ 1834732ms] [LOG] [App] Canvas is ready @ http://localhost:3000/main.bd9cc6aeb272a359083d.hot-update.js:224
[ 1834915ms] [LOG] [StreetView] Panorama changed event fired @ http://localhost:3000/static/js/bundle.js:20691
[ 1836116ms] [LOG] [StreetView] Transition pause complete, ready for next advance @ http://localhost:3000/static/js/bundle.js:20706
